WARNING:root:warning message
INFO:root:info message
ERROR:root:error message
WARNING:root:warning message
INFO:root:info message
ERROR:root:error message
WARNING:root:warning message
INFO:root:info message
ERROR:root:error message
WARNING:root:warning message
INFO:root:info message
ERROR:root:error message
